// Jest Snapshot v1, https://goo.gl/fbAQLP

exports[`Button matches snapshot 1`] = `
<div>
  <button>
    Button label
  </button>
</div>
`;
